[      87ms] [INFO] %cDownload the React DevTools for a better development experience: https://react.dev/link/react-devtools font-weight:bold @ http://127.0.0.1:37377/_next/static/chunks/node_modules_next_dist_1ybzpk2._.js:2489
[      97ms] [LOG] [HMR] connected @ http://127.0.0.1:37377/_next/static/chunks/node_modules_next_dist_1ybzpk2._.js:2489
[     128ms] [WARNING] [Kumo Input]: Input must have an accessible name. Provide either:
  - label prop: <Input label='Email' />
  - aria-label: <Input aria-label='Email address' />
  - aria-labelledby for custom label association @ http://127.0.0.1:37377/_next/static/chunks/node_modules_next_dist_1ybzpk2._.js:2489
[     128ms] [WARNING] [Kumo Input]: Input must have an accessible name. Provide either:
  - label prop: <Input label='Email' />
  - aria-label: <Input aria-label='Email address' />
  - aria-labelledby for custom label association @ http://127.0.0.1:37377/_next/static/chunks/node_modules_next_dist_1ybzpk2._.js:2489
[     129ms] [WARNING] [Kumo Input]: Input must have an accessible name. Provide either:
  - label prop: <Input label='Email' />
  - aria-label: <Input aria-label='Email address' />
  - aria-labelledby for custom label association @ http://127.0.0.1:37377/_next/static/chunks/node_modules_next_dist_1ybzpk2._.js:2489
[     129ms] [WARNING] [Kumo Input]: Input must have an accessible name. Provide either:
  - label prop: <Input label='Email' />
  - aria-label: <Input aria-label='Email address' />
  - aria-labelledby for custom label association @ http://127.0.0.1:37377/_next/static/chunks/node_modules_next_dist_1ybzpk2._.js:2489
[     131ms] [WARNING] [Kumo Input]: Input must have an accessible name. Provide either:
  - label prop: <Input label='Email' />
  - aria-label: <Input aria-label='Email address' />
  - aria-labelledby for custom label association @ http://127.0.0.1:37377/_next/static/chunks/node_modules_next_dist_1ybzpk2._.js:2489
[     131ms] [WARNING] [Kumo Input]: Input must have an accessible name. Provide either:
  - label prop: <Input label='Email' />
  - aria-label: <Input aria-label='Email address' />
  - aria-labelledby for custom label association @ http://127.0.0.1:37377/_next/static/chunks/node_modules_next_dist_1ybzpk2._.js:2489
[   25639ms] [LOG] [Fast Refresh] rebuilding @ http://127.0.0.1:37377/_next/static/chunks/node_modules_next_dist_1ybzpk2._.js:2489
[   25908ms] [ERROR] ./components/ui/dialog.tsx:25:1
Module not found: Can't resolve '@cloudflare/kumo/utils/cn'
  23 |  */
  24 | import { Dialog as KumoDialog } from "@cloudflare/kumo/components/dialog";
> 25 | import { cn } from "@cloudflare/kumo/utils/cn";
     | ^^^^^^^^^^^^^^^^^^^^^^^^^^^^^^^^^^^^^^^^^^^^^^^
  26 |
  27 | export const Dialog = (props: React.ComponentProps<typeof KumoDialog>) => (
  28 |   <KumoDialog

Import traces:
  Client Component Browser:
    ./components/ui/dialog.tsx [Client Component Browser]
    ./app/design/page.tsx [Client Component Browser]
    ./app/design/page.tsx [Server Component]

  Client Component SSR:
    ./components/ui/dialog.tsx [Client Component SSR]
    ./app/design/page.tsx [Client Component SSR]
    ./app/design/page.tsx [Server Component]

https://nextjs.org/docs/messages/module-not-found @ http://127.0.0.1:37377/_next/static/chunks/node_modules_next_dist_1ybzpk2._.js:3330
[   26049ms] [LOG] [Fast Refresh] rebuilding @ http://127.0.0.1:37377/_next/static/chunks/node_modules_next_dist_1ybzpk2._.js:2489
[   26474ms] [ERROR] ./components/ui/dialog.tsx:25:1
Module not found: Can't resolve '@cloudflare/kumo/utils/cn'
  23 |  */
  24 | import { Dialog as KumoDialog } from "@cloudflare/kumo/components/dialog";
> 25 | import { cn } from "@cloudflare/kumo/utils/cn";
     | ^^^^^^^^^^^^^^^^^^^^^^^^^^^^^^^^^^^^^^^^^^^^^^^
  26 |
  27 | export const Dialog = (props: React.ComponentProps<typeof KumoDialog>) => (
  28 |   <KumoDialog

Import traces:
  Client Component Browser:
    ./components/ui/dialog.tsx [Client Component Browser]
    ./app/design/page.tsx [Client Component Browser]
    ./app/design/page.tsx [Server Component]

  Client Component SSR:
    ./components/ui/dialog.tsx [Client Component SSR]
    ./app/design/page.tsx [Client Component SSR]
    ./app/design/page.tsx [Server Component]

https://nextjs.org/docs/messages/module-not-found @ http://127.0.0.1:37377/_next/static/chunks/node_modules_next_dist_1ybzpk2._.js:3330
[   26551ms] [ERROR] ./components/ui/dialog.tsx:25:1
Module not found: Can't resolve '@cloudflare/kumo/utils/cn'
  23 |  */
  24 | import { Dialog as KumoDialog } from "@cloudflare/kumo/components/dialog";
> 25 | import { cn } from "@cloudflare/kumo/utils/cn";
     | ^^^^^^^^^^^^^^^^^^^^^^^^^^^^^^^^^^^^^^^^^^^^^^^
  26 |
  27 | export const Dialog = (props: React.ComponentProps<typeof KumoDialog>) => (
  28 |   <KumoDialog

Import traces:
  Client Component Browser:
    ./components/ui/dialog.tsx [Client Component Browser]
    ./app/design/page.tsx [Client Component Browser]
    ./app/design/page.tsx [Server Component]

  Client Component SSR:
    ./components/ui/dialog.tsx [Client Component SSR]
    ./app/design/page.tsx [Client Component SSR]
    ./app/design/page.tsx [Server Component]

https://nextjs.org/docs/messages/module-not-found @ http://127.0.0.1:37377/_next/static/chunks/node_modules_next_dist_1ybzpk2._.js:3330
[   26653ms] [LOG] [Fast Refresh] rebuilding @ http://127.0.0.1:37377/_next/static/chunks/node_modules_next_dist_1ybzpk2._.js:2489
[   26772ms] [ERROR] ./components/ui/dialog.tsx:25:1
Module not found: Can't resolve '@cloudflare/kumo/utils/cn'
  23 |  */
  24 | import { Dialog as KumoDialog } from "@cloudflare/kumo/components/dialog";
> 25 | import { cn } from "@cloudflare/kumo/utils/cn";
     | ^^^^^^^^^^^^^^^^^^^^^^^^^^^^^^^^^^^^^^^^^^^^^^^
  26 |
  27 | export const Dialog = (props: React.ComponentProps<typeof KumoDialog>) => (
  28 |   <KumoDialog

Import traces:
  Client Component Browser:
    ./components/ui/dialog.tsx [Client Component Browser]
    ./app/design/page.tsx [Client Component Browser]
    ./app/design/page.tsx [Server Component]

  Client Component SSR:
    ./components/ui/dialog.tsx [Client Component SSR]
    ./app/design/page.tsx [Client Component SSR]
    ./app/design/page.tsx [Server Component]

https://nextjs.org/docs/messages/module-not-found @ http://127.0.0.1:37377/_next/static/chunks/node_modules_next_dist_1ybzpk2._.js:3330
[   29312ms] [ERROR] ./components/ui/dialog.tsx:25:1
Module not found: Can't resolve '@cloudflare/kumo/utils/cn'
  23 |  */
  24 | import { Dialog as KumoDialog } from "@cloudflare/kumo/components/dialog";
> 25 | import { cn } from "@cloudflare/kumo/utils/cn";
     | ^^^^^^^^^^^^^^^^^^^^^^^^^^^^^^^^^^^^^^^^^^^^^^^
  26 |
  27 | export const Dialog = (props: React.ComponentProps<typeof KumoDialog>) => (
  28 |   <KumoDialog

Import traces:
  Client Component Browser:
    ./components/ui/dialog.tsx [Client Component Browser]
    ./app/design/page.tsx [Client Component Browser]
    ./app/design/page.tsx [Server Component]

  Client Component SSR:
    ./components/ui/dialog.tsx [Client Component SSR]
    ./app/design/page.tsx [Client Component SSR]
    ./app/design/page.tsx [Server Component]

https://nextjs.org/docs/messages/module-not-found @ http://127.0.0.1:37377/_next/static/chunks/node_modules_next_dist_1ybzpk2._.js:3330
[   29381ms] [LOG] [Fast Refresh] rebuilding @ http://127.0.0.1:37377/_next/static/chunks/node_modules_next_dist_1ybzpk2._.js:2489
[   31834ms] [ERROR] ./components/ui/dialog.tsx:25:1
Module not found: Can't resolve '@cloudflare/kumo/utils/cn'
  23 |  */
  24 | import { Dialog as KumoDialog } from "@cloudflare/kumo/components/dialog";
> 25 | import { cn } from "@cloudflare/kumo/utils/cn";
     | ^^^^^^^^^^^^^^^^^^^^^^^^^^^^^^^^^^^^^^^^^^^^^^^
  26 |
  27 | export const Dialog = (props: React.ComponentProps<typeof KumoDialog>) => (
  28 |   <KumoDialog

Import traces:
  Client Component Browser:
    ./components/ui/dialog.tsx [Client Component Browser]
    ./app/design/page.tsx [Client Component Browser]
    ./app/design/page.tsx [Server Component]

  Client Component SSR:
    ./components/ui/dialog.tsx [Client Component SSR]
    ./app/design/page.tsx [Client Component SSR]
    ./app/design/page.tsx [Server Component]

https://nextjs.org/docs/messages/module-not-found @ http://127.0.0.1:37377/_next/static/chunks/node_modules_next_dist_1ybzpk2._.js:3330
[   31896ms] [LOG] [Fast Refresh] rebuilding @ http://127.0.0.1:37377/_next/static/chunks/node_modules_next_dist_1ybzpk2._.js:2489
[   34348ms] [ERROR] ./components/ui/dialog.tsx:25:1
Module not found: Can't resolve '@cloudflare/kumo/utils/cn'
  23 |  */
  24 | import { Dialog as KumoDialog } from "@cloudflare/kumo/components/dialog";
> 25 | import { cn } from "@cloudflare/kumo/utils/cn";
     | ^^^^^^^^^^^^^^^^^^^^^^^^^^^^^^^^^^^^^^^^^^^^^^^
  26 |
  27 | export const Dialog = (props: React.ComponentProps<typeof KumoDialog>) => (
  28 |   <KumoDialog

Import traces:
  Client Component Browser:
    ./components/ui/dialog.tsx [Client Component Browser]
    ./app/design/page.tsx [Client Component Browser]
    ./app/design/page.tsx [Server Component]

  Client Component SSR:
    ./components/ui/dialog.tsx [Client Component SSR]
    ./app/design/page.tsx [Client Component SSR]
    ./app/design/page.tsx [Server Component]

https://nextjs.org/docs/messages/module-not-found @ http://127.0.0.1:37377/_next/static/chunks/node_modules_next_dist_1ybzpk2._.js:3330
[   34416ms] [LOG] [Fast Refresh] rebuilding @ http://127.0.0.1:37377/_next/static/chunks/node_modules_next_dist_1ybzpk2._.js:2489
[   36859ms] [ERROR] ./components/ui/dialog.tsx:25:1
Module not found: Can't resolve '@cloudflare/kumo/utils/cn'
  23 |  */
  24 | import { Dialog as KumoDialog } from "@cloudflare/kumo/components/dialog";
> 25 | import { cn } from "@cloudflare/kumo/utils/cn";
     | ^^^^^^^^^^^^^^^^^^^^^^^^^^^^^^^^^^^^^^^^^^^^^^^
  26 |
  27 | export const Dialog = (props: React.ComponentProps<typeof KumoDialog>) => (
  28 |   <KumoDialog

Import traces:
  Client Component Browser:
    ./components/ui/dialog.tsx [Client Component Browser]
    ./app/design/page.tsx [Client Component Browser]
    ./app/design/page.tsx [Server Component]

  Client Component SSR:
    ./components/ui/dialog.tsx [Client Component SSR]
    ./app/design/page.tsx [Client Component SSR]
    ./app/design/page.tsx [Server Component]

https://nextjs.org/docs/messages/module-not-found @ http://127.0.0.1:37377/_next/static/chunks/node_modules_next_dist_1ybzpk2._.js:3330
[   36928ms] [LOG] [Fast Refresh] rebuilding @ http://127.0.0.1:37377/_next/static/chunks/node_modules_next_dist_1ybzpk2._.js:2489
[   39378ms] [ERROR] ./components/ui/dialog.tsx:25:1
Module not found: Can't resolve '@cloudflare/kumo/utils/cn'
  23 |  */
  24 | import { Dialog as KumoDialog } from "@cloudflare/kumo/components/dialog";
> 25 | import { cn } from "@cloudflare/kumo/utils/cn";
     | ^^^^^^^^^^^^^^^^^^^^^^^^^^^^^^^^^^^^^^^^^^^^^^^
  26 |
  27 | export const Dialog = (props: React.ComponentProps<typeof KumoDialog>) => (
  28 |   <KumoDialog

Import traces:
  Client Component Browser:
    ./components/ui/dialog.tsx [Client Component Browser]
    ./app/design/page.tsx [Client Component Browser]
    ./app/design/page.tsx [Server Component]

  Client Component SSR:
    ./components/ui/dialog.tsx [Client Component SSR]
    ./app/design/page.tsx [Client Component SSR]
    ./app/design/page.tsx [Server Component]

https://nextjs.org/docs/messages/module-not-found @ http://127.0.0.1:37377/_next/static/chunks/node_modules_next_dist_1ybzpk2._.js:3330
[   39442ms] [LOG] [Fast Refresh] rebuilding @ http://127.0.0.1:37377/_next/static/chunks/node_modules_next_dist_1ybzpk2._.js:2489
[   40136ms] [ERROR] ./components/ui/dialog.tsx:25:1
Module not found: Can't resolve '@cloudflare/kumo/utils/cn'
  23 |  */
  24 | import { Dialog as KumoDialog } from "@cloudflare/kumo/components/dialog";
> 25 | import { cn } from "@cloudflare/kumo/utils/cn";
     | ^^^^^^^^^^^^^^^^^^^^^^^^^^^^^^^^^^^^^^^^^^^^^^^
  26 |
  27 | export const Dialog = (props: React.ComponentProps<typeof KumoDialog>) => (
  28 |   <KumoDialog

Import traces:
  Client Component Browser:
    ./components/ui/dialog.tsx [Client Component Browser]
    ./app/design/page.tsx [Client Component Browser]
    ./app/design/page.tsx [Server Component]

  Client Component SSR:
    ./components/ui/dialog.tsx [Client Component SSR]
    ./app/design/page.tsx [Client Component SSR]
    ./app/design/page.tsx [Server Component]

https://nextjs.org/docs/messages/module-not-found @ http://127.0.0.1:37377/_next/static/chunks/node_modules_next_dist_1ybzpk2._.js:3330
[   40204ms] [LOG] [Fast Refresh] rebuilding @ http://127.0.0.1:37377/_next/static/chunks/node_modules_next_dist_1ybzpk2._.js:2489
[   41899ms] [ERROR] ./components/ui/dialog.tsx:25:1
Module not found: Can't resolve '@cloudflare/kumo/utils/cn'
  23 |  */
  24 | import { Dialog as KumoDialog } from "@cloudflare/kumo/components/dialog";
> 25 | import { cn } from "@cloudflare/kumo/utils/cn";
     | ^^^^^^^^^^^^^^^^^^^^^^^^^^^^^^^^^^^^^^^^^^^^^^^
  26 |
  27 | export const Dialog = (props: React.ComponentProps<typeof KumoDialog>) => (
  28 |   <KumoDialog

Import traces:
  Client Component Browser:
    ./components/ui/dialog.tsx [Client Component Browser]
    ./app/design/page.tsx [Client Component Browser]
    ./app/design/page.tsx [Server Component]

  Client Component SSR:
    ./components/ui/dialog.tsx [Client Component SSR]
    ./app/design/page.tsx [Client Component SSR]
    ./app/design/page.tsx [Server Component]

https://nextjs.org/docs/messages/module-not-found @ http://127.0.0.1:37377/_next/static/chunks/node_modules_next_dist_1ybzpk2._.js:3330
[   41961ms] [LOG] [Fast Refresh] rebuilding @ http://127.0.0.1:37377/_next/static/chunks/node_modules_next_dist_1ybzpk2._.js:2489
[   44428ms] [ERROR] ./components/ui/dialog.tsx:25:1
Module not found: Can't resolve '@cloudflare/kumo/utils/cn'
  23 |  */
  24 | import { Dialog as KumoDialog } from "@cloudflare/kumo/components/dialog";
> 25 | import { cn } from "@cloudflare/kumo/utils/cn";
     | ^^^^^^^^^^^^^^^^^^^^^^^^^^^^^^^^^^^^^^^^^^^^^^^
  26 |
  27 | export const Dialog = (props: React.ComponentProps<typeof KumoDialog>) => (
  28 |   <KumoDialog

Import traces:
  Client Component Browser:
    ./components/ui/dialog.tsx [Client Component Browser]
    ./app/design/page.tsx [Client Component Browser]
    ./app/design/page.tsx [Server Component]

  Client Component SSR:
    ./components/ui/dialog.tsx [Client Component SSR]
    ./app/design/page.tsx [Client Component SSR]
    ./app/design/page.tsx [Server Component]

https://nextjs.org/docs/messages/module-not-found @ http://127.0.0.1:37377/_next/static/chunks/node_modules_next_dist_1ybzpk2._.js:3330
[   44491ms] [LOG] [Fast Refresh] rebuilding @ http://127.0.0.1:37377/_next/static/chunks/node_modules_next_dist_1ybzpk2._.js:2489
[   46724ms] [LOG] [Fast Refresh] rebuilding @ http://127.0.0.1:37377/_next/static/chunks/node_modules_next_dist_1ybzpk2._.js:2489
[   47048ms] [LOG] [Fast Refresh] done in 410ms @ http://127.0.0.1:37377/_next/static/chunks/node_modules_next_dist_1ybzpk2._.js:2489
[   47204ms] [LOG] [Fast Refresh] rebuilding @ http://127.0.0.1:37377/_next/static/chunks/node_modules_next_dist_1ybzpk2._.js:2489
[   47207ms] [LOG] [Fast Refresh] done in 104ms @ http://127.0.0.1:37377/_next/static/chunks/node_modules_next_dist_1ybzpk2._.js:2489
[   47423ms] [LOG] [Fast Refresh] rebuilding @ http://127.0.0.1:37377/_next/static/chunks/node_modules_next_dist_1ybzpk2._.js:2489
[   47564ms] Error: Element type is invalid: expected a string (for built-in components) or a class/function (for composite components) but got: undefined. You likely forgot to export your component from the file it's defined in, or you might have mixed up default and named imports.

Check the render method of `PluginsVizPreview`.
    at createFiberFromTypeAndProps (http://127.0.0.1:37377/_next/static/chunks/node_modules_next_dist_compiled_react-dom_096_9a-._.js:3167:32)
    at createFiberFromElement (http://127.0.0.1:37377/_next/static/chunks/node_modules_next_dist_compiled_react-dom_096_9a-._.js:3178:16)
    at updateElement (http://127.0.0.1:37377/_next/static/chunks/node_modules_next_dist_compiled_react-dom_096_9a-._.js:3991:23)
    at updateSlot (http://127.0.0.1:37377/_next/static/chunks/node_modules_next_dist_compiled_react-dom_096_9a-._.js:4041:112)
    at reconcileChildrenArray (http://127.0.0.1:37377/_next/static/chunks/node_modules_next_dist_compiled_react-dom_096_9a-._.js:4115:32)
    at reconcileChildFibersImpl (http://127.0.0.1:37377/_next/static/chunks/node_modules_next_dist_compiled_react-dom_096_9a-._.js:4236:51)
    at http://127.0.0.1:37377/_next/static/chunks/node_modules_next_dist_compiled_react-dom_096_9a-._.js:4261:39
    at reconcileChildren (http://127.0.0.1:37377/_next/static/chunks/node_modules_next_dist_compiled_react-dom_096_9a-._.js:5898:119)
    at beginWork (http://127.0.0.1:37377/_next/static/chunks/node_modules_next_dist_compiled_react-dom_096_9a-._.js:6758:1573)
    at runWithFiberInDEV (http://127.0.0.1:37377/_next/static/chunks/node_modules_next_dist_compiled_react-dom_096_9a-._.js:965:74)
    at performUnitOfWork (http://127.0.0.1:37377/_next/static/chunks/node_modules_next_dist_compiled_react-dom_096_9a-._.js:9555:97)
    at workLoopSync (http://127.0.0.1:37377/_next/static/chunks/node_modules_next_dist_compiled_react-dom_096_9a-._.js:9449:40)
    at renderRootSync (http://127.0.0.1:37377/_next/static/chunks/node_modules_next_dist_compiled_react-dom_096_9a-._.js:9433:13)
    at performWorkOnRoot (http://127.0.0.1:37377/_next/static/chunks/node_modules_next_dist_compiled_react-dom_096_9a-._.js:9061:186)
    at performSyncWorkOnRoot (http://127.0.0.1:37377/_next/static/chunks/node_modules_next_dist_compiled_react-dom_096_9a-._.js:10263:9)
    at flushSyncWorkAcrossRoots_impl (http://127.0.0.1:37377/_next/static/chunks/node_modules_next_dist_compiled_react-dom_096_9a-._.js:10179:316)
    at processRootScheduleInMicrotask (http://127.0.0.1:37377/_next/static/chunks/node_modules_next_dist_compiled_react-dom_096_9a-._.js:10200:106)
    at http://127.0.0.1:37377/_next/static/chunks/node_modules_next_dist_compiled_react-dom_096_9a-._.js:10274:158
[   47585ms] [LOG] [Fast Refresh] done in 262ms @ http://127.0.0.1:37377/_next/static/chunks/node_modules_next_dist_1ybzpk2._.js:2489
[   47770ms] [LOG] [Fast Refresh] rebuilding @ http://127.0.0.1:37377/_next/static/chunks/node_modules_next_dist_1ybzpk2._.js:2489
[   47770ms] [LOG] [Fast Refresh] done in 101ms @ http://127.0.0.1:37377/_next/static/chunks/node_modules_next_dist_1ybzpk2._.js:2489
